[    0.000000] microcode: microcode updated early to revision 0x20, date = 2017-01-27
[    0.000000] Linux version 4.9.38-1-MANJARO (builduser@manjaro) (gcc version 7.1.1 20170630 (GCC) ) #1 SMP PREEMPT Sat Jul 15 12:04:06 UTC 2017
[    0.000000] Command line: BOOT_IMAGE=/@/boot/vmlinuz-4.9-x86_64 root=UUID=ef759db4-063e-4243-bca8-4157c4c54deb rw rootflags=subvol=@ quiet resume=UUID=b3dde3d3-1deb-45e3-8c38-8f60d8e8ffa7
[    0.000000] x86/fpu: Supporting XSAVE feature 0x001: 'x87 floating point registers'
[    0.000000] x86/fpu: Supporting XSAVE feature 0x002: 'SSE registers'
[    0.000000] x86/fpu: Supporting XSAVE feature 0x004: 'AVX registers'
[    0.000000] x86/fpu: xstate_offset[2]:  576, xstate_sizes[2]:  256
[    0.000000] x86/fpu: Enabled xstate features 0x7, context size is 832 bytes, using 'standard' format.
[    0.000000] x86/fpu: Using 'eager' FPU context switches.
[    0.000000] e820: BIOS-provided physical RAM map:
[    0.000000] BIOS-e820: [mem 0x0000000000000000-0x000000000006efff] usable
[    0.000000] BIOS-e820: [mem 0x000000000006f000-0x000000000006ffff] reserved
[    0.000000] BIOS-e820: [mem 0x0000000000070000-0x0000000000087fff] usable
[    0.000000] BIOS-e820: [mem 0x0000000000088000-0x00000000000bffff] reserved
[    0.000000] BIOS-e820: [mem 0x0000000000100000-0x00000000a56affff] usable
[    0.000000] BIOS-e820: [mem 0x00000000a56b0000-0x00000000a5eaffff] reserved
[    0.000000] BIOS-e820: [mem 0x00000000a5eb0000-0x00000000aa6befff] usable
[    0.000000] BIOS-e820: [mem 0x00000000aa6bf000-0x00000000aa8befff] type 20
[    0.000000] BIOS-e820: [mem 0x00000000aa8bf000-0x00000000aaebefff] reserved
[    0.000000] BIOS-e820: [mem 0x00000000aaebf000-0x00000000aafbefff] ACPI NVS
[    0.000000] BIOS-e820: [mem 0x00000000aafbf000-0x00000000aaffefff] ACPI data
[    0.000000] BIOS-e820: [mem 0x00000000aafff000-0x00000000aaffffff] usable
[    0.000000] BIOS-e820: [mem 0x00000000ab000000-0x00000000af9fffff] reserved
[    0.000000] BIOS-e820: [mem 0x00000000e0000000-0x00000000efffffff] reserved
[    0.000000] BIOS-e820: [mem 0x00000000fe101000-0x00000000fe112fff] reserved
[    0.000000] BIOS-e820: [mem 0x00000000feb00000-0x00000000feb0ffff] reserved
[    0.000000] BIOS-e820: [mem 0x00000000fec00000-0x00000000fec00fff] reserved
[    0.000000] BIOS-e820: [mem 0x00000000fed00000-0x00000000fee00fff] reserved
[    0.000000] BIOS-e820: [mem 0x00000000ffc00000-0x00000000ffffffff] reserved
[    0.000000] BIOS-e820: [mem 0x0000000100000000-0x000000024f5fffff] usable
[    0.000000] NX (Execute Disable) protection: active
[    0.000000] efi: EFI v2.31 by INSYDE Corp.
[    0.000000] efi:  ESRT=0xaaa1f118  ACPI=0xaaffe000  ACPI 2.0=0xaaffe014  SMBIOS=0xaaebef98 
[    0.000000] SMBIOS 2.7 present.
[    0.000000] DMI: LENOVO 20354/Lancer 5A5, BIOS 9BCN91WW 07/21/2015
[    0.000000] e820: update [mem 0x00000000-0x00000fff] usable ==> reserved
[    0.000000] e820: remove [mem 0x000a0000-0x000fffff] usable
[    0.000000] e820: last_pfn = 0x24f600 max_arch_pfn = 0x400000000
[    0.000000] MTRR default type: uncachable
[    0.000000] MTRR fixed ranges enabled:
[    0.000000]   00000-9FFFF write-back
[    0.000000]   A0000-BFFFF uncachable
[    0.000000]   C0000-E7FFF write-protect
[    0.000000]   E8000-EFFFF write-combining
[    0.000000]   F0000-FFFFF write-protect
[    0.000000] MTRR variable ranges enabled:
[    0.000000]   0 base 0000000000 mask 7C00000000 write-back
[    0.000000]   1 base 00AB000000 mask 7FFF000000 uncachable
[    0.000000]   2 base 00AC000000 mask 7FFC000000 uncachable
[    0.000000]   3 base 00B0000000 mask 7FF0000000 uncachable
[    0.000000]   4 base 00C0000000 mask 7FC0000000 uncachable
[    0.000000]   5 disabled
[    0.000000]   6 disabled
[    0.000000]   7 disabled
[    0.000000]   8 disabled
[    0.000000]   9 disabled
[    0.000000] x86/PAT: Configuration [0-7]: WB  WC  UC- UC  WB  WC  UC- WT  
[    0.000000] e820: update [mem 0xab000000-0xffffffff] usable ==> reserved
[    0.000000] e820: last_pfn = 0xab000 max_arch_pfn = 0x400000000
[    0.000000] esrt: Reserving ESRT space from 0x00000000aaa1f118 to 0x00000000aaa1f150.
[    0.000000] Scanning 1 areas for low memory corruption
[    0.000000] Base memory trampoline at [ffff880000082000] 82000 size 24576
[    0.000000] Using GB pages for direct mapping
[    0.000000] BRK [0x02d59000, 0x02d59fff] PGTABLE
[    0.000000] BRK [0x02d5a000, 0x02d5afff] PGTABLE
[    0.000000] BRK [0x02d5b000, 0x02d5bfff] PGTABLE
[    0.000000] BRK [0x02d5c000, 0x02d5cfff] PGTABLE
[    0.000000] BRK [0x02d5d000, 0x02d5dfff] PGTABLE
[    0.000000] BRK [0x02d5e000, 0x02d5efff] PGTABLE
[    0.000000] RAMDISK: [mem 0x37197000-0x378c2fff]
[    0.000000] ACPI: Early table checksum verification disabled
[    0.000000] ACPI: RSDP 0x00000000AAFFE014 000024 (v02 LENOVO)
[    0.000000] ACPI: XSDT 0x00000000AAFFE210 0000C4 (v01 LENOVO CB-01    00000001      01000013)
[    0.000000] ACPI: FACP 0x00000000AAFF7000 00010C (v05 LENOVO CB-01    00000001 ACPI 00040000)
[    0.000000] ACPI: DSDT 0x00000000AAFE4000 00F4F3 (v02 LENOVO CB-01    00000001 ACPI 00040000)
[    0.000000] ACPI: FACS 0x00000000AAFBA000 000040
[    0.000000] ACPI: SLIC 0x00000000AAFFD000 000176 (v01 LENOVO CB-01    00000001 ACPI 00040000)
[    0.000000] ACPI: UEFI 0x00000000AAFFC000 000236 (v01 LENOVO CB-01    00000001 ACPI 00040000)
[    0.000000] ACPI: FPDT 0x00000000AAFFA000 000044 (v01 LENOVO CB-01    00000001 ACPI 00040000)
[    0.000000] ACPI: MSDM 0x00000000AAFF9000 000055 (v03 LENOVO CB-01    00000001 ACPI 00040000)
[    0.000000] ACPI: ASF! 0x00000000AAFF8000 0000A5 (v32 LENOVO CB-01    00000001 ACPI 00040000)
[    0.000000] ACPI: HPET 0x00000000AAFF6000 000038 (v01 LENOVO CB-01    00000001 ACPI 00040000)
[    0.000000] ACPI: APIC 0x00000000AAFF5000 00008C (v03 LENOVO CB-01    00000001 ACPI 00040000)
[    0.000000] ACPI: MCFG 0x00000000AAFF4000 00003C (v01 LENOVO CB-01    00000001 ACPI 00040000)
[    0.000000] ACPI: WDAT 0x00000000AAFE3000 000224 (v01 LENOVO CB-01    00000001 ACPI 00040000)
[    0.000000] ACPI: SSDT 0x00000000AAFE0000 002028 (v01 LENOVO CB-01    00000001 ACPI 00040000)
[    0.000000] ACPI: BOOT 0x00000000AAFDE000 000028 (v01 LENOVO CB-01    00000001 ACPI 00040000)
[    0.000000] ACPI: LPIT 0x00000000AAFDD000 000094 (v01 LENOVO CB-01    00000001 ACPI 00040000)
[    0.000000] ACPI: ASPT 0x00000000AAFDB000 000034 (v07 LENOVO CB-01    00000001 ACPI 00040000)
[    0.000000] ACPI: DBGP 0x00000000AAFDA000 000034 (v01 LENOVO CB-01    00000001 ACPI 00040000)
[    0.000000] ACPI: SSDT 0x00000000AAFD2000 000539 (v01 LENOVO CB-01    00000001 ACPI 00040000)
[    0.000000] ACPI: SSDT 0x00000000AAFD1000 000AD8 (v01 LENOVO CB-01    00000001 ACPI 00040000)
[    0.000000] ACPI: SSDT 0x00000000AAFCD000 0034F8 (v01 LENOVO CB-01    00000001 ACPI 00040000)
[    0.000000] ACPI: SSDT 0x00000000AAFC8000 0034B3 (v01 LENOVO CB-01    00000001 ACPI 00040000)
[    0.000000] ACPI: BGRT 0x00000000AAFCC000 000038 (v01 LENOVO CB-01    00000001 ACPI 00040000)
[    0.000000] ACPI: Local APIC address 0xfee00000
[    0.000000] No NUMA configuration found
[    0.000000] Faking a node at [mem 0x0000000000000000-0x000000024f5fffff]
[    0.000000] NODE_DATA(0) allocated [mem 0x24f5f8000-0x24f5fcfff]
[    0.000000] Zone ranges:
[    0.000000]   DMA      [mem 0x0000000000001000-0x0000000000ffffff]
[    0.000000]   DMA32    [mem 0x0000000001000000-0x00000000ffffffff]
[    0.000000]   Normal   [mem 0x0000000100000000-0x000000024f5fffff]
[    0.000000]   Device   empty
[    0.000000] Movable zone start for each node
[    0.000000] Early memory node ranges
[    0.000000]   node   0: [mem 0x0000000000001000-0x000000000006efff]
[    0.000000]   node   0: [mem 0x0000000000070000-0x0000000000087fff]
[    0.000000]   node   0: [mem 0x0000000000100000-0x00000000a56affff]
[    0.000000]   node   0: [mem 0x00000000a5eb0000-0x00000000aa6befff]
[    0.000000]   node   0: [mem 0x00000000aafff000-0x00000000aaffffff]
[    0.000000]   node   0: [mem 0x0000000100000000-0x000000024f5fffff]
[    0.000000] Initmem setup node 0 [mem 0x0000000000001000-0x000000024f5fffff]
[    0.000000] On node 0 totalpages: 2069574
[    0.000000]   DMA zone: 64 pages used for memmap
[    0.000000]   DMA zone: 24 pages reserved
[    0.000000]   DMA zone: 3974 pages, LIFO batch:0
[    0.000000]   DMA32 zone: 10811 pages used for memmap
[    0.000000]   DMA32 zone: 691904 pages, LIFO batch:31
[    0.000000]   Normal zone: 21464 pages used for memmap
[    0.000000]   Normal zone: 1373696 pages, LIFO batch:31
[    0.000000] Reserving Intel graphics memory at 0x00000000aba00000-0x00000000af9fffff
[    0.000000] ACPI: PM-Timer IO Port: 0x1808
[    0.000000] ACPI: Local APIC address 0xfee00000
[    0.000000] IOAPIC[0]: apic_id 2, version 32, address 0xfec00000, GSI 0-39
[    0.000000] ACPI: INT_SRC_OVR (bus 0 bus_irq 0 global_irq 2 dfl dfl)
[    0.000000] ACPI: INT_SRC_OVR (bus 0 bus_irq 9 global_irq 9 high level)
[    0.000000] ACPI: IRQ0 used by override.
[    0.000000] ACPI: IRQ9 used by override.
[    0.000000] Using ACPI (MADT) for SMP configuration information
[    0.000000] ACPI: HPET id: 0x8086a201 base: 0xfed00000
[    0.000000] smpboot: Allowing 8 CPUs, 4 hotplug CPUs
[    0.000000] PM: Registered nosave memory: [mem 0x00000000-0x00000fff]
[    0.000000] PM: Registered nosave memory: [mem 0x0006f000-0x0006ffff]
[    0.000000] PM: Registered nosave memory: [mem 0x00088000-0x000bffff]
[    0.000000] PM: Registered nosave memory: [mem 0x000c0000-0x000fffff]
[    0.000000] PM: Registered nosave memory: [mem 0xa56b0000-0xa5eaffff]
[    0.000000] PM: Registered nosave memory: [mem 0xaa6bf000-0xaa8befff]
[    0.000000] PM: Registered nosave memory: [mem 0xaa8bf000-0xaaebefff]
[    0.000000] PM: Registered nosave memory: [mem 0xaaebf000-0xaafbefff]
[    0.000000] PM: Registered nosave memory: [mem 0xaafbf000-0xaaffefff]
[    0.000000] PM: Registered nosave memory: [mem 0xab000000-0xaf9fffff]
[    0.000000] PM: Registered nosave memory: [mem 0xafa00000-0xdfffffff]
[    0.000000] PM: Registered nosave memory: [mem 0xe0000000-0xefffffff]
[    0.000000] PM: Registered nosave memory: [mem 0xf0000000-0xfe100fff]
[    0.000000] PM: Registered nosave memory: [mem 0xfe101000-0xfe112fff]
[    0.000000] PM: Registered nosave memory: [mem 0xfe113000-0xfeafffff]
[    0.000000] PM: Registered nosave memory: [mem 0xfeb00000-0xfeb0ffff]
[    0.000000] PM: Registered nosave memory: [mem 0xfeb10000-0xfebfffff]
[    0.000000] PM: Registered nosave memory: [mem 0xfec00000-0xfec00fff]
[    0.000000] PM: Registered nosave memory: [mem 0xfec01000-0xfecfffff]
[    0.000000] PM: Registered nosave memory: [mem 0xfed00000-0xfee00fff]
[    0.000000] PM: Registered nosave memory: [mem 0xfee01000-0xffbfffff]
[    0.000000] PM: Registered nosave memory: [mem 0xffc00000-0xffffffff]
[    0.000000] e820: [mem 0xafa00000-0xdfffffff] available for PCI devices
[    0.000000] Booting paravirtualized kernel on bare hardware
[    0.000000] clocksource: refined-jiffies: mask: 0xffffffff max_cycles: 0xffffffff, max_idle_ns: 6370452778343963 ns
[    0.000000] setup_percpu: NR_CPUS:128 nr_cpumask_bits:128 nr_cpu_ids:8 nr_node_ids:1
[    0.000000] percpu: Embedded 35 pages/cpu @ffff88024f200000 s103576 r8192 d31592 u262144
[    0.000000] pcpu-alloc: s103576 r8192 d31592 u262144 alloc=1*2097152
[    0.000000] pcpu-alloc: [0] 0 1 2 3 4 5 6 7 
[    0.000000] Built 1 zonelists in Node order, mobility grouping on.  Total pages: 2037211
[    0.000000] Policy zone: Normal
[    0.000000] Kernel command line: BOOT_IMAGE=/@/boot/vmlinuz-4.9-x86_64 root=UUID=ef759db4-063e-4243-bca8-4157c4c54deb rw rootflags=subvol=@ quiet resume=UUID=b3dde3d3-1deb-45e3-8c38-8f60d8e8ffa7
[    0.000000] PID hash table entries: 4096 (order: 3, 32768 bytes)
[    0.000000] Calgary: detecting Calgary via BIOS EBDA area
[    0.000000] Calgary: Unable to locate Rio Grande table in EBDA - bailing!
[    0.000000] Memory: 7988204K/8278296K available (6278K kernel code, 1079K rwdata, 1968K rodata, 1280K init, 1032K bss, 290092K reserved, 0K cma-reserved)
[    0.000000] SLUB: HWalign=64, Order=0-3, MinObjects=0, CPUs=8, Nodes=1
[    0.000000] Preemptible hierarchical RCU implementation.
[    0.000000] 	Build-time adjustment of leaf fanout to 64.
[    0.000000] 	RCU restricting CPUs from NR_CPUS=128 to nr_cpu_ids=8.
[    0.000000] RCU: Adjusting geometry for rcu_fanout_leaf=64, nr_cpu_ids=8
[    0.000000] NR_IRQS:8448 nr_irqs:760 16
[    0.000000] Console: colour dummy device 80x25
[    0.000000] console [tty0] enabled
[    0.000000] clocksource: hpet: mask: 0xffffffff max_cycles: 0xffffffff, max_idle_ns: 133484882848 ns
[    0.000000] hpet clockevent registered
[    0.000000] tsc: Fast TSC calibration using PIT
[    0.000000] tsc: Detected 2594.185 MHz processor
[    0.000034] Calibrating delay loop (skipped), value calculated using timer frequency.. 5190.55 BogoMIPS (lpj=8647283)
[    0.000037] pid_max: default: 32768 minimum: 301
[    0.000048] ACPI: Core revision 20160831
[    0.016639] ACPI: 6 ACPI AML tables successfully acquired and loaded
[    0.036369] Security Framework initialized
[    0.036370] Yama: becoming mindful.
[    0.036825] Dentry cache hash table entries: 1048576 (order: 11, 8388608 bytes)
[    0.038573] Inode-cache hash table entries: 524288 (order: 10, 4194304 bytes)
[    0.039349] Mount-cache hash table entries: 16384 (order: 5, 131072 bytes)
[    0.039357] Mountpoint-cache hash table entries: 16384 (order: 5, 131072 bytes)
[    0.039661] CPU: Physical Processor ID: 0
[    0.039661] CPU: Processor Core ID: 0
[    0.039665] ENERGY_PERF_BIAS: Set to 'normal', was 'performance'
[    0.039666] ENERGY_PERF_BIAS: View and update with x86_energy_perf_policy(8)
[    0.039671] mce: CPU supports 7 MCE banks
[    0.039680] CPU0: Thermal monitoring enabled (TM1)
[    0.039694] process: using mwait in idle threads
[    0.039697] Last level iTLB entries: 4KB 1024, 2MB 1024, 4MB 1024
[    0.039698] Last level dTLB entries: 4KB 1024, 2MB 1024, 4MB 1024, 1GB 4
[    0.040070] Freeing SMP alternatives memory: 24K (ffffffff81c4f000 - ffffffff81c55000)
[    0.047874] ftrace: allocating 24869 entries in 98 pages
[    0.059657] smpboot: Max logical packages: 4
[    0.060251] ..TIMER: vector=0x30 apic1=0 pin1=2 apic2=-1 pin2=-1
[    0.093258] TSC deadline timer enabled
[    0.093261] smpboot: CPU0: Intel(R) Core(TM) i7-4510U CPU @ 2.00GHz (family: 0x6, model: 0x45, stepping: 0x1)
[    0.093265] Performance Events: PEBS fmt2+, Haswell events, 16-deep LBR, full-width counters, Intel PMU driver.
[    0.093300] ... version:                3
[    0.093301] ... bit width:              48
[    0.093301] ... generic registers:      4
[    0.093302] ... value mask:             0000ffffffffffff
[    0.093303] ... max period:             00007fffffffffff
[    0.093303] ... fixed-purpose events:   3
[    0.093304] ... event mask:             000000070000000f
[    0.126812] NMI watchdog: enabled on all CPUs, permanently consumes one hw-PMU counter.
[    0.160054] x86: Booting SMP configuration:
[    0.160056] .... node  #0, CPUs:      #1 #2 #3
[    0.465617] x86: Booted up 1 node, 4 CPUs
[    0.465619] smpboot: Total of 4 processors activated (20767.44 BogoMIPS)
[    0.470686] devtmpfs: initialized
[    0.470761] x86/mm: Memory block size: 128MB
[    0.473412] PM: Registering ACPI NVS region [mem 0xaaebf000-0xaafbefff] (1048576 bytes)
[    0.473486] clocksource: jiffies: mask: 0xffffffff max_cycles: 0xffffffff, max_idle_ns: 6370867519511994 ns
[    0.473498] futex hash table entries: 2048 (order: 5, 131072 bytes)
[    0.473556] pinctrl core: initialized pinctrl subsystem
[    0.473607] RTC time: 19:07:03, date: 07/23/17
[    0.473705] NET: Registered protocol family 16
[    0.493716] cpuidle: using governor ladder
[    0.510393] cpuidle: using governor menu
[    0.510413] Simple Boot Flag at 0x44 set to 0x1
[    0.510421] ACPI FADT declares the system doesn't support PCIe ASPM, so disable it
[    0.510422] ACPI: bus type PCI registered
[    0.510423] acpiphp: ACPI Hot Plug PCI Controller Driver version: 0.5
[    0.510488] PCI: MMCONFIG for domain 0000 [bus 00-ff] at [mem 0xe0000000-0xefffffff] (base 0xe0000000)
[    0.510490] PCI: MMCONFIG at [mem 0xe0000000-0xefffffff] reserved in E820
[    0.510494] pmd_set_huge: Cannot satisfy [mem 0xe0000000-0xe0200000] with a huge-page mapping due to MTRR override.
[    0.510803] PCI: Using configuration type 1 for base access
[    0.510839] core: PMU erratum BJ122, BV98, HSD29 worked around, HT is on
[    0.523859] HugeTLB registered 1 GB page size, pre-allocated 0 pages
[    0.523860] HugeTLB registered 2 MB page size, pre-allocated 0 pages
[    0.524091] ACPI: Added _OSI(Module Device)
[    0.524092] ACPI: Added _OSI(Processor Device)
[    0.524093] ACPI: Added _OSI(3.0 _SCP Extensions)
[    0.524094] ACPI: Added _OSI(Processor Aggregator Device)
[    0.524522] ACPI: Executed 2 blocks of module-level executable AML code
[    0.531138] ACPI: [Firmware Bug]: BIOS _OSI(Linux) query ignored
[    0.532874] ACPI: Dynamic OEM Table Load:
[    0.532883] ACPI: SSDT 0xFFFF880246816800 0003D3 (v01 PmRef  Cpu0Cst  00003001 INTL 20121220)
[    0.533340] ACPI: Dynamic OEM Table Load:
[    0.533349] ACPI: SSDT 0xFFFF88024546C000 0005AA (v01 PmRef  ApIst    00003000 INTL 20121220)
[    0.533808] ACPI: Dynamic OEM Table Load:
[    0.533815] ACPI: SSDT 0xFFFF8802454F6800 000119 (v01 PmRef  ApCst    00003000 INTL 20121220)
[    0.534940] ACPI : EC: EC started
[    0.534941] ACPI : EC: interrupt blocked
[    0.535957] ACPI: \_SB_.PCI0.LPCB.EC0_: Used as first EC
[    0.535959] ACPI: \_SB_.PCI0.LPCB.EC0_: GPE=0x7, EC_CMD/EC_SC=0x66, EC_DATA=0x62
[    0.535960] ACPI: \_SB_.PCI0.LPCB.EC0_: Used as boot DSDT EC to handle transactions
[    0.535961] ACPI: Interpreter enabled
[    0.536000] ACPI: (supports S0 S3 S4 S5)
[    0.536001] ACPI: Using IOAPIC for interrupt routing
[    0.536031] PCI: Using host bridge windows from ACPI; if necessary, use "pci=nocrs" and report a bug
[    0.536095] platform wdat_wdt: failed to claim resource 4
[    0.536101] ACPI: watchdog: Failed to create platform device
[    0.589783] ACPI: Power Resource [NVP3] (on)
[    0.589812] ACPI: Power Resource [NVP2] (on)
[    0.590025] ACPI: PCI Root Bridge [PCI0] (domain 0000 [bus 00-fe])
[    0.590029] acpi PNP0A08:00: _OSC: OS supports [ExtendedConfig ASPM ClockPM Segments MSI]
[    0.590447] acpi PNP0A08:00: _OSC: OS now controls [PCIeHotplug PME AER PCIeCapability]
[    0.590448] acpi PNP0A08:00: FADT indicates ASPM is unsupported, using BIOS configuration
[    0.591028] PCI host bridge to bus 0000:00
[    0.591031] pci_bus 0000:00: root bus resource [io  0x0000-0x0cf7 window]
[    0.591032] pci_bus 0000:00: root bus resource [io  0x0d00-0xffff window]
[    0.591033] pci_bus 0000:00: root bus resource [mem 0x000a0000-0x000bffff window]
[    0.591035] pci_bus 0000:00: root bus resource [mem 0x000c0000-0x000c3fff window]
[    0.591036] pci_bus 0000:00: root bus resource [mem 0x000c4000-0x000c7fff window]
[    0.591037] pci_bus 0000:00: root bus resource [mem 0x000c8000-0x000cbfff window]
[    0.591038] pci_bus 0000:00: root bus resource [mem 0x000cc000-0x000cffff window]
[    0.591039] pci_bus 0000:00: root bus resource [mem 0x000d0000-0x000d3fff window]
[    0.591040] pci_bus 0000:00: root bus resource [mem 0x000d4000-0x000d7fff window]
[    0.591041] pci_bus 0000:00: root bus resource [mem 0x000d8000-0x000dbfff window]
[    0.591042] pci_bus 0000:00: root bus resource [mem 0x000dc000-0x000dffff window]
[    0.591043] pci_bus 0000:00: root bus resource [mem 0x000e0000-0x000e3fff window]
[    0.591044] pci_bus 0000:00: root bus resource [mem 0x000e4000-0x000e7fff window]
[    0.591046] pci_bus 0000:00: root bus resource [mem 0x000e8000-0x000ebfff window]
[    0.591047] pci_bus 0000:00: root bus resource [mem 0x000ec000-0x000effff window]
[    0.591048] pci_bus 0000:00: root bus resource [mem 0xafa00000-0xfeafffff window]
[    0.591049] pci_bus 0000:00: root bus resource [bus 00-fe]
[    0.591057] pci 0000:00:00.0: [8086:0a04] type 00 class 0x060000
[    0.591271] pci 0000:00:02.0: [8086:0a16] type 00 class 0x030000
[    0.591283] pci 0000:00:02.0: reg 0x10: [mem 0xc3000000-0xc33fffff 64bit]
[    0.591289] pci 0000:00:02.0: reg 0x18: [mem 0xd0000000-0xdfffffff 64bit pref]
[    0.591294] pci 0000:00:02.0: reg 0x20: [io  0x6000-0x603f]
[    0.591516] pci 0000:00:03.0: [8086:0a0c] type 00 class 0x040300
[    0.591525] pci 0000:00:03.0: reg 0x10: [mem 0xc3610000-0xc3613fff 64bit]
[    0.591751] pci 0000:00:14.0: [8086:9c31] type 00 class 0x0c0330
[    0.591768] pci 0000:00:14.0: reg 0x10: [mem 0xc3600000-0xc360ffff 64bit]
[    0.591827] pci 0000:00:14.0: PME# supported from D3hot D3cold
[    0.591977] pci 0000:00:14.0: System wakeup disabled by ACPI
[    0.592020] pci 0000:00:16.0: [8086:9c3a] type 00 class 0x078000
[    0.592038] pci 0000:00:16.0: reg 0x10: [mem 0xc3618000-0xc361801f 64bit]
[    0.592108] pci 0000:00:16.0: PME# supported from D0 D3hot D3cold
[    0.592302] pci 0000:00:1b.0: [8086:9c20] type 00 class 0x040300
[    0.592317] pci 0000:00:1b.0: reg 0x10: [mem 0xc3614000-0xc3617fff 64bit]
[    0.592383] pci 0000:00:1b.0: PME# supported from D0 D3hot D3cold
[    0.592533] pci 0000:00:1b.0: System wakeup disabled by ACPI
[    0.592572] pci 0000:00:1c.0: [8086:9c14] type 01 class 0x060400
[    0.592636] pci 0000:00:1c.0: PME# supported from D0 D3hot D3cold
[    0.592826] pci 0000:00:1c.0: System wakeup disabled by ACPI
[    0.592867] pci 0000:00:1c.3: [8086:9c16] type 01 class 0x060400
[    0.592931] pci 0000:00:1c.3: PME# supported from D0 D3hot D3cold
[    0.593117] pci 0000:00:1c.3: System wakeup disabled by ACPI
[    0.593157] pci 0000:00:1c.4: [8086:9c18] type 01 class 0x060400
[    0.593220] pci 0000:00:1c.4: PME# supported from D0 D3hot D3cold
[    0.593386] pci 0000:00:1c.4: System wakeup disabled by ACPI
[    0.593429] pci 0000:00:1d.0: [8086:9c26] type 00 class 0x0c0320
[    0.593446] pci 0000:00:1d.0: reg 0x10: [mem 0xc361c000-0xc361c3ff]
[    0.593531] pci 0000:00:1d.0: PME# supported from D0 D3hot D3cold
[    0.593693] pci 0000:00:1d.0: System wakeup disabled by ACPI
[    0.593736] pci 0000:00:1f.0: [8086:9c43] type 00 class 0x060100
[    0.594033] pci 0000:00:1f.2: [8086:9c03] type 00 class 0x010601
[    0.594045] pci 0000:00:1f.2: reg 0x10: [io  0x6088-0x608f]
[    0.594052] pci 0000:00:1f.2: reg 0x14: [io  0x6094-0x6097]
[    0.594059] pci 0000:00:1f.2: reg 0x18: [io  0x6080-0x6087]
[    0.594066] pci 0000:00:1f.2: reg 0x1c: [io  0x6090-0x6093]
[    0.594072] pci 0000:00:1f.2: reg 0x20: [io  0x6060-0x607f]
[    0.594079] pci 0000:00:1f.2: reg 0x24: [mem 0xc361b000-0xc361b7ff]
[    0.594114] pci 0000:00:1f.2: PME# supported from D3hot
[    0.594294] pci 0000:00:1f.3: [8086:9c22] type 00 class 0x0c0500
[    0.594308] pci 0000:00:1f.3: reg 0x10: [mem 0xc3619000-0xc36190ff 64bit]
[    0.594327] pci 0000:00:1f.3: reg 0x20: [io  0x6040-0x605f]
[    0.594581] pci 0000:01:00.0: [10ec:8168] type 00 class 0x020000
[    0.594600] pci 0000:01:00.0: reg 0x10: [io  0x5000-0x50ff]
[    0.594629] pci 0000:01:00.0: reg 0x18: [mem 0xc3504000-0xc3504fff 64bit]
[    0.594647] pci 0000:01:00.0: reg 0x20: [mem 0xc3500000-0xc3503fff 64bit]
[    0.594741] pci 0000:01:00.0: supports D1 D2
[    0.594742] pci 0000:01:00.0: PME# supported from D0 D1 D2 D3hot D3cold
[    0.594791] pci 0000:01:00.0: System wakeup disabled by ACPI
[    0.603801] pci 0000:00:1c.0: PCI bridge to [bus 01]
[    0.603804] pci 0000:00:1c.0:   bridge window [io  0x5000-0x5fff]
[    0.603807] pci 0000:00:1c.0:   bridge window [mem 0xc3500000-0xc35fffff]
[    0.603930] pci 0000:02:00.0: [10ec:b723] type 00 class 0x028000
[    0.603961] pci 0000:02:00.0: reg 0x10: [io  0x4000-0x40ff]
[    0.604006] pci 0000:02:00.0: reg 0x18: [mem 0xc3400000-0xc3403fff 64bit]
[    0.604224] pci 0000:02:00.0: supports D1 D2
[    0.604225] pci 0000:02:00.0: PME# supported from D0 D1 D2 D3hot D3cold
[    0.604296] pci 0000:02:00.0: System wakeup disabled by ACPI
[    0.613855] pci 0000:00:1c.3: PCI bridge to [bus 02]
[    0.613858] pci 0000:00:1c.3:   bridge window [io  0x4000-0x4fff]
[    0.613861] pci 0000:00:1c.3:   bridge window [mem 0xc3400000-0xc34fffff]
[    0.613926] pci 0000:03:00.0: [10de:1140] type 00 class 0x030200
[    0.613943] pci 0000:03:00.0: reg 0x10: [mem 0xc2000000-0xc2ffffff]
[    0.613959] pci 0000:03:00.0: reg 0x14: [mem 0xb0000000-0xbfffffff 64bit pref]
[    0.613975] pci 0000:03:00.0: reg 0x1c: [mem 0xc0000000-0xc1ffffff 64bit pref]
[    0.613986] pci 0000:03:00.0: reg 0x24: [io  0x3000-0x307f]
[    0.613997] pci 0000:03:00.0: reg 0x30: [mem 0xfff80000-0xffffffff pref]
[    0.614115] pci 0000:03:00.0: System wakeup disabled by ACPI
[    0.623810] pci 0000:00:1c.4: PCI bridge to [bus 03]
[    0.623813] pci 0000:00:1c.4:   bridge window [io  0x3000-0x3fff]
[    0.623815] pci 0000:00:1c.4:   bridge window [mem 0xc2000000-0xc2ffffff]
[    0.623820] pci 0000:00:1c.4:   bridge window [mem 0xb0000000-0xc1ffffff 64bit pref]
[    0.625236] ACPI: PCI Interrupt Link [LNKA] (IRQs 3 4 5 6 10 11 12 14 15) *0, disabled.
[    0.625285] ACPI: PCI Interrupt Link [LNKB] (IRQs 3 4 5 6 10 11 12 14 15) *0, disabled.
[    0.625332] ACPI: PCI Interrupt Link [LNKC] (IRQs 3 4 5 6 10 11 12 14 15) *0, disabled.
[    0.625378] ACPI: PCI Interrupt Link [LNKD] (IRQs 3 4 5 6 10 11 12 14 15) *0, disabled.
[    0.625424] ACPI: PCI Interrupt Link [LNKE] (IRQs 3 4 5 6 10 11 12 14 15) *0, disabled.
[    0.625471] ACPI: PCI Interrupt Link [LNKF] (IRQs 3 4 5 6 10 11 12 14 15) *0, disabled.
[    0.625517] ACPI: PCI Interrupt Link [LNKG] (IRQs 3 4 5 6 10 11 12 14 15) *0, disabled.
[    0.625566] ACPI: PCI Interrupt Link [LNKH] (IRQs 3 4 5 6 10 11 12 14 15) *0, disabled.
[    0.625879] ACPI: Enabled 4 GPEs in block 00 to 7F
[    0.625935] ACPI : EC: interrupt unblocked
[    0.625943] ACPI : EC: event unblocked
[    0.625949] ACPI: \_SB_.PCI0.LPCB.EC0_: GPE=0x7, EC_CMD/EC_SC=0x66, EC_DATA=0x62
[    0.625951] ACPI: \_SB_.PCI0.LPCB.EC0_: Used as boot DSDT EC to handle transactions and events
[    0.626154] vgaarb: setting as boot device: PCI:0000:00:02.0
[    0.626155] vgaarb: device added: PCI:0000:00:02.0,decodes=io+mem,owns=io+mem,locks=none
[    0.626158] vgaarb: loaded
[    0.626158] vgaarb: bridge control possible 0000:00:02.0
[    0.626210] Registered efivars operations
[    0.668844] PCI: Using ACPI for IRQ routing
[    0.674585] PCI: pci_cache_line_size set to 64 bytes
[    0.674681] e820: reserve RAM buffer [mem 0x0006f000-0x0006ffff]
[    0.674682] e820: reserve RAM buffer [mem 0x00088000-0x0008ffff]
[    0.674683] e820: reserve RAM buffer [mem 0xa56b0000-0xa7ffffff]
[    0.674684] e820: reserve RAM buffer [mem 0xaa6bf000-0xabffffff]
[    0.674685] e820: reserve RAM buffer [mem 0xab000000-0xabffffff]
[    0.674686] e820: reserve RAM buffer [mem 0x24f600000-0x24fffffff]
[    0.674792] NetLabel: Initializing
[    0.674793] NetLabel:  domain hash size = 128
[    0.674794] NetLabel:  protocols = UNLABELED CIPSOv4
[    0.674810] NetLabel:  unlabeled traffic allowed by default
[    0.674875] hpet0: at MMIO 0xfed00000, IRQs 2, 8, 0, 0, 0, 0, 0, 0
[    0.674881] hpet0: 8 comparators, 64-bit 14.318180 MHz counter
[    0.676903] clocksource: Switched to clocksource hpet
[    0.683232] VFS: Disk quotas dquot_6.6.0
[    0.683251] VFS: Dquot-cache hash table entries: 512 (order 0, 4096 bytes)
[    0.683329] pnp: PnP ACPI init
[    0.683997] system 00:00: [io  0x0680-0x069f] has been reserved
[    0.683999] system 00:00: [io  0xffff] has been reserved
[    0.684000] system 00:00: [io  0xffff] has been reserved
[    0.684001] system 00:00: [io  0xffff] has been reserved
[    0.684003] system 00:00: [io  0x1800-0x18fe] has been reserved
[    0.684004] system 00:00: [io  0x164e-0x164f] has been reserved
[    0.684008] system 00:00: Plug and Play ACPI device, IDs PNP0c02 (active)
[    0.684053] pnp 00:01: Plug and Play ACPI device, IDs PNP0b00 (active)
[    0.684104] system 00:02: [io  0x1854-0x1857] has been reserved
[    0.684106] system 00:02: Plug and Play ACPI device, IDs INT3f0d PNP0c02 (active)
[    0.684158] pnp 00:03: Plug and Play ACPI device, IDs PNP0303 (active)
[    0.684185] pnp 00:04: Plug and Play ACPI device, IDs ETD0624 ETD0000 PNP0f13 (active)
[    0.684334] system 00:05: [mem 0xfed1c000-0xfed1ffff] has been reserved
[    0.684335] system 00:05: [mem 0xfed10000-0xfed17fff] has been reserved
[    0.684337] system 00:05: [mem 0xfed18000-0xfed18fff] has been reserved
[    0.684338] system 00:05: [mem 0xfed19000-0xfed19fff] has been reserved
[    0.684340] system 00:05: [mem 0xe0000000-0xefffffff] has been reserved
[    0.684341] system 00:05: [mem 0xfed20000-0xfed3ffff] has been reserved
[    0.684343] system 00:05: [mem 0xfed90000-0xfed93fff] has been reserved
[    0.684344] system 00:05: [mem 0xff000000-0xffffffff] could not be reserved
[    0.684346] system 00:05: [mem 0xfee00000-0xfeefffff] could not be reserved
[    0.684347] system 00:05: [mem 0xafa20000-0xafa20fff] has been reserved
[    0.684349] system 00:05: [mem 0xafa10000-0xafa1ffff] has been reserved
[    0.684351] system 00:05: Plug and Play ACPI device, IDs PNP0c02 (active)
[    0.684629] system 00:06: Plug and Play ACPI device, IDs PNP0c02 (active)
[    0.685134] pnp: PnP ACPI: found 7 devices
[    0.691271] clocksource: acpi_pm: mask: 0xffffff max_cycles: 0xffffff, max_idle_ns: 2085701024 ns
[    0.691276] pci 0000:03:00.0: can't claim BAR 6 [mem 0xfff80000-0xffffffff pref]: no compatible bridge window
[    0.691299] pci 0000:00:1c.0: PCI bridge to [bus 01]
[    0.691301] pci 0000:00:1c.0:   bridge window [io  0x5000-0x5fff]
[    0.691306] pci 0000:00:1c.0:   bridge window [mem 0xc3500000-0xc35fffff]
[    0.691313] pci 0000:00:1c.3: PCI bridge to [bus 02]
[    0.691315] pci 0000:00:1c.3:   bridge window [io  0x4000-0x4fff]
[    0.691319] pci 0000:00:1c.3:   bridge window [mem 0xc3400000-0xc34fffff]
[    0.691328] pci 0000:03:00.0: BAR 6: no space for [mem size 0x00080000 pref]
[    0.691329] pci 0000:03:00.0: BAR 6: failed to assign [mem size 0x00080000 pref]
[    0.691331] pci 0000:00:1c.4: PCI bridge to [bus 03]
[    0.691333] pci 0000:00:1c.4:   bridge window [io  0x3000-0x3fff]
[    0.691336] pci 0000:00:1c.4:   bridge window [mem 0xc2000000-0xc2ffffff]
[    0.691339] pci 0000:00:1c.4:   bridge window [mem 0xb0000000-0xc1ffffff 64bit pref]
[    0.691345] pci_bus 0000:00: resource 4 [io  0x0000-0x0cf7 window]
[    0.691347] pci_bus 0000:00: resource 5 [io  0x0d00-0xffff window]
[    0.691348] pci_bus 0000:00: resource 6 [mem 0x000a0000-0x000bffff window]
[    0.691350] pci_bus 0000:00: resource 7 [mem 0x000c0000-0x000c3fff window]
[    0.691351] pci_bus 0000:00: resource 8 [mem 0x000c4000-0x000c7fff window]
[    0.691352] pci_bus 0000:00: resource 9 [mem 0x000c8000-0x000cbfff window]
[    0.691353] pci_bus 0000:00: resource 10 [mem 0x000cc000-0x000cffff window]
[    0.691354] pci_bus 0000:00: resource 11 [mem 0x000d0000-0x000d3fff window]
[    0.691356] pci_bus 0000:00: resource 12 [mem 0x000d4000-0x000d7fff window]
[    0.691357] pci_bus 0000:00: resource 13 [mem 0x000d8000-0x000dbfff window]
[    0.691358] pci_bus 0000:00: resource 14 [mem 0x000dc000-0x000dffff window]
[    0.691359] pci_bus 0000:00: resource 15 [mem 0x000e0000-0x000e3fff window]
[    0.691360] pci_bus 0000:00: resource 16 [mem 0x000e4000-0x000e7fff window]
[    0.691362] pci_bus 0000:00: resource 17 [mem 0x000e8000-0x000ebfff window]
[    0.691363] pci_bus 0000:00: resource 18 [mem 0x000ec000-0x000effff window]
[    0.691364] pci_bus 0000:00: resource 19 [mem 0xafa00000-0xfeafffff window]
[    0.691365] pci_bus 0000:01: resource 0 [io  0x5000-0x5fff]
[    0.691367] pci_bus 0000:01: resource 1 [mem 0xc3500000-0xc35fffff]
[    0.691368] pci_bus 0000:02: resource 0 [io  0x4000-0x4fff]
[    0.691369] pci_bus 0000:02: resource 1 [mem 0xc3400000-0xc34fffff]
[    0.691370] pci_bus 0000:03: resource 0 [io  0x3000-0x3fff]
[    0.691371] pci_bus 0000:03: resource 1 [mem 0xc2000000-0xc2ffffff]
[    0.691373] pci_bus 0000:03: resource 2 [mem 0xb0000000-0xc1ffffff 64bit pref]
[    0.691526] NET: Registered protocol family 2
[    0.691694] TCP established hash table entries: 65536 (order: 7, 524288 bytes)
[    0.691817] TCP bind hash table entries: 65536 (order: 8, 1048576 bytes)
[    0.691995] TCP: Hash tables configured (established 65536 bind 65536)
[    0.692019] UDP hash table entries: 4096 (order: 5, 131072 bytes)
[    0.692048] UDP-Lite hash table entries: 4096 (order: 5, 131072 bytes)
[    0.692109] NET: Registered protocol family 1
[    0.692121] pci 0000:00:02.0: Video device with shadowed ROM at [mem 0x000c0000-0x000dffff]
[    0.710408] PCI: CLS 64 bytes, default 64
[    0.710451] Unpacking initramfs...
[    0.826768] Freeing initrd memory: 7344K (ffff880037197000 - ffff8800378c3000)
[    0.826771] PCI-DMA: Using software bounce buffering for IO (SWIOTLB)
[    0.826774] software IO TLB [mem 0x9eec0000-0xa2ec0000] (64MB) mapped at [ffff88009eec0000-ffff8800a2ebffff]
[    0.827013] Scanning for low memory corruption every 60 seconds
[    0.827727] Initialise system trusted keyrings
[    0.827804] workingset: timestamp_bits=40 max_order=21 bucket_order=0
[    0.829497] zbud: loaded
[    0.829912] Key type asymmetric registered
[    0.829947] Block layer SCSI generic (bsg) driver version 0.4 loaded (major 249)
[    0.829976] io scheduler noop registered
[    0.829977] io scheduler deadline registered
[    0.829984] io scheduler cfq registered
[    0.830014] io scheduler bfq registered (default)
[    0.830014] BFQ I/O-scheduler: v8r12 (with cgroups support)
[    0.830661] pcieport 0000:00:1c.0: Signaling PME through PCIe PME interrupt
[    0.830663] pci 0000:01:00.0: Signaling PME through PCIe PME interrupt
[    0.830666] pcie_pme 0000:00:1c.0:pcie001: service driver pcie_pme loaded
[    0.830682] pcieport 0000:00:1c.3: Signaling PME through PCIe PME interrupt
[    0.830683] pci 0000:02:00.0: Signaling PME through PCIe PME interrupt
[    0.830686] pcie_pme 0000:00:1c.3:pcie001: service driver pcie_pme loaded
[    0.830701] pcieport 0000:00:1c.4: Signaling PME through PCIe PME interrupt
[    0.830702] pci 0000:03:00.0: Signaling PME through PCIe PME interrupt
[    0.830704] pcie_pme 0000:00:1c.4:pcie001: service driver pcie_pme loaded
[    0.830713] pci_hotplug: PCI Hot Plug PCI Core version: 0.5
[    0.830717] pciehp: PCI Express Hot Plug Controller Driver version: 0.4
[    0.830731] efifb: probing for efifb
[    0.830747] efifb: framebuffer at 0xd0000000, using 4160k, total 4160k
[    0.830748] efifb: mode is 1366x768x32, linelength=5504, pages=1
[    0.830748] efifb: scrolling: redraw
[    0.830750] efifb: Truecolor: size=8:8:8:8, shift=24:16:8:0
[    0.833475] Console: switching to colour frame buffer device 170x48
[    0.836021] fb0: EFI VGA frame buffer device
[    0.836029] intel_idle: MWAIT substates: 0x11142120
[    0.836029] intel_idle: v0.4.1 model 0x45
[    0.836251] intel_idle: lapic_timer_reliable_states 0xffffffff
[    0.836464] GHES: HEST is not enabled!
[    0.836534] Serial: 8250/16550 driver, 4 ports, IRQ sharing enabled
[    0.836969] Linux agpgart interface v0.103
[    0.837294] rtc_cmos 00:01: RTC can wake from S4
[    0.837420] rtc_cmos 00:01: rtc core: registered rtc_cmos as rtc0
[    0.837446] rtc_cmos 00:01: alarms up to one month, 242 bytes nvram, hpet irqs
[    0.837458] intel_pstate: Intel P-state driver initializing
[    0.837714] ledtrig-cpu: registered to indicate activity on CPUs
[    0.838234] NET: Registered protocol family 10
[    0.838714] NET: Registered protocol family 17
[    0.839136] microcode: sig=0x40651, pf=0x40, revision=0x20
[    0.839247] microcode: Microcode Update Driver: v2.01 <tigran@aivazian.fsnet.co.uk>, Peter Oruba
[    0.839504] registered taskstats version 1
[    0.839516] Loading compiled-in X.509 certificates
[    0.839544] zswap: loaded using pool lzo/zbud
[    0.840508]   Magic number: 9:814:142
[    0.840580] acpi device:13: hash matches
[    0.840660] rtc_cmos 00:01: setting system clock to 2017-07-23 19:07:04 UTC (1500836824)
[    0.840789] PM: Checking hibernation image partition UUID=b3dde3d3-1deb-45e3-8c38-8f60d8e8ffa7
[    0.840795] PM: Hibernation image not present or could not be loaded.
[    0.843283] Freeing unused kernel memory: 1280K (ffffffff81b0f000 - ffffffff81c4f000)
[    0.843286] Write protecting the kernel read-only data: 10240k
[    0.844373] Freeing unused kernel memory: 1900K (ffff880002625000 - ffff880002800000)
[    0.844928] Freeing unused kernel memory: 80K (ffff8800029ec000 - ffff880002a00000)
[    0.954258] random: systemd-tmpfile: uninitialized urandom read (16 bytes read)
[    0.955613] random: systemd-udevd: uninitialized urandom read (16 bytes read)
[    0.955652] random: systemd-udevd: uninitialized urandom read (16 bytes read)
[    0.956156] random: systemd-udevd: uninitialized urandom read (16 bytes read)
[    0.956168] random: systemd-udevd: uninitialized urandom read (16 bytes read)
[    0.956172] random: systemd-udevd: uninitialized urandom read (16 bytes read)
[    0.957051] random: udevadm: uninitialized urandom read (16 bytes read)
[    0.957066] random: udevadm: uninitialized urandom read (16 bytes read)
[    0.959062] random: systemd-udevd: uninitialized urandom read (16 bytes read)
[    0.959079] random: systemd-udevd: uninitialized urandom read (16 bytes read)
[    0.984709] sdhci: Secure Digital Host Controller Interface driver
[    0.984710] sdhci: Copyright(c) Pierre Ossman
[    0.985742] i8042: PNP: PS/2 Controller [PNP0303:PS2K,PNP0f13:PS2M] at 0x60,0x64 irq 1,12
[    1.000708] serio: i8042 KBD port at 0x60,0x64 irq 1
[    1.000760] serio: i8042 AUX port at 0x60,0x64 irq 12
[    1.000964] ACPI: bus type USB registered
[    1.000987] usbcore: registered new interface driver usbfs
[    1.000997] usbcore: registered new interface driver hub
[    1.001023] usbcore: registered new device driver usb
[    1.001332] SCSI subsystem initialized
[    1.001450] ehci_hcd: USB 2.0 'Enhanced' Host Controller (EHCI) Driver
[    1.001602] ehci-pci: EHCI PCI platform driver
[    1.001760] ehci-pci 0000:00:1d.0: EHCI Host Controller
[    1.001764] ehci-pci 0000:00:1d.0: new USB bus registered, assigned bus number 1
[    1.001774] ehci-pci 0000:00:1d.0: debug port 2
[    1.005661] ehci-pci 0000:00:1d.0: cache line size of 64 is not supported
[    1.005672] ehci-pci 0000:00:1d.0: irq 23, io mem 0xc361c000
[    1.005747] libata version 3.00 loaded.
[    1.016890] ehci-pci 0000:00:1d.0: USB 2.0 started, EHCI 1.00
[    1.017179] hub 1-0:1.0: USB hub found
[    1.017185] hub 1-0:1.0: 2 ports detected
[    1.017508] xhci_hcd 0000:00:14.0: xHCI Host Controller
[    1.017514] xhci_hcd 0000:00:14.0: new USB bus registered, assigned bus number 2
[    1.018064] input: AT Translated Set 2 keyboard as /devices/platform/i8042/serio0/input/input0
[    1.018591] xhci_hcd 0000:00:14.0: hcc params 0x200077c1 hci version 0x100 quirks 0x0004b810
[    1.018595] xhci_hcd 0000:00:14.0: cache line size of 64 is not supported
[    1.018833] hub 2-0:1.0: USB hub found
[    1.018845] hub 2-0:1.0: 9 ports detected
[    1.020588] xhci_hcd 0000:00:14.0: xHCI Host Controller
[    1.020590] xhci_hcd 0000:00:14.0: new USB bus registered, assigned bus number 3
[    1.020791] hub 3-0:1.0: USB hub found
[    1.020801] hub 3-0:1.0: 4 ports detected
[    1.021100] usb: port power management may be unreliable
[    1.021388] ahci 0000:00:1f.2: version 3.0
[    1.021530] ahci 0000:00:1f.2: SSS flag set, parallel bus scan disabled
[    1.031661] ahci 0000:00:1f.2: AHCI 0001.0300 32 slots 4 ports 6 Gbps 0xf impl SATA mode
[    1.031664] ahci 0000:00:1f.2: flags: 64bit ncq stag pm led clo only pio slum part sxs deso sadm sds apst 
[    1.032251] scsi host0: ahci
[    1.032427] scsi host1: ahci
[    1.032551] scsi host2: ahci
[    1.032645] scsi host3: ahci
[    1.032693] ata1: SATA max UDMA/133 abar m2048@0xc361b000 port 0xc361b100 irq 44
[    1.032695] ata2: SATA max UDMA/133 abar m2048@0xc361b000 port 0xc361b180 irq 44
[    1.032696] ata3: SATA max UDMA/133 abar m2048@0xc361b000 port 0xc361b200 irq 44
[    1.032698] ata4: SATA max UDMA/133 abar m2048@0xc361b000 port 0xc361b280 irq 44
[    1.336960] usb 1-1: new high-speed USB device number 2 using ehci-pci
[    1.340278] usb 2-4: new high-speed USB device number 2 using xhci_hcd
[    1.347994] ata1: SATA link up 6.0 Gbps (SStatus 133 SControl 300)
[    1.354326] ata1.00: ATA-8: ST1000LM024 HN-M101MBB, 2BA30001, max UDMA/100
[    1.354330] ata1.00: 1953525168 sectors, multi 0: LBA48 NCQ (depth 31/32)
[    1.360676] ata1.00: configured for UDMA/100
[    1.361219] scsi 0:0:0:0: Direct-Access     ATA      ST1000LM024 HN-M 0001 PQ: 0 ANSI: 5
[    1.473303] usbcore: registered new interface driver rtsx_usb
[    1.474096] hub 1-1:1.0: USB hub found
[    1.474177] hub 1-1:1.0: 8 ports detected
[    1.583564] usb 2-6: new high-speed USB device number 3 using xhci_hcd
[    1.730845] ata2: SATA link up 1.5 Gbps (SStatus 113 SControl 300)
[    1.734840] ata2.00: ATAPI: HL-DT-ST DVDRAM GUA0N, AL00, max UDMA/133
[    1.736308] ata2.00: configured for UDMA/133
[    1.739780] scsi 1:0:0:0: CD-ROM            HL-DT-ST DVDRAM GUA0N     AL00 PQ: 0 ANSI: 5
[    1.836901] tsc: Refined TSC clocksource calibration: 2593.994 MHz
[    1.836913] clocksource: tsc: mask: 0xffffffffffffffff max_cycles: 0x256412811b4, max_idle_ns: 440795306987 ns
[    1.896900] usb 2-7: new full-speed USB device number 4 using xhci_hcd
[    2.070975] ata3: SATA link down (SStatus 0 SControl 300)
[    2.384538] ata4: SATA link down (SStatus 0 SControl 300)
[    2.387403] sd 0:0:0:0: [sda] 1953525168 512-byte logical blocks: (1.00 TB/932 GiB)
[    2.387408] sd 0:0:0:0: [sda] 4096-byte physical blocks
[    2.387525] sd 0:0:0:0: [sda] Write Protect is off
[    2.387531] sd 0:0:0:0: [sda] Mode Sense: 00 3a 00 00
[    2.387589] sd 0:0:0:0: [sda] Write cache: enabled, read cache: enabled, doesn't support DPO or FUA
[    2.404928] sr 1:0:0:0: [sr0] scsi3-mmc drive: 24x/24x writer dvd-ram cd/rw xa/form2 cdda tray
[    2.404930] cdrom: Uniform CD-ROM driver Revision: 3.20
[    2.405158] sr 1:0:0:0: Attached scsi CD-ROM sr0
[    2.444878]  sda: sda1 sda2 sda3 sda4 sda5 sda6 sda7 sda8 sda9 sda10 sda11 sda12 sda13
[    2.445559] sd 0:0:0:0: [sda] Attached SCSI disk
[    2.850238] clocksource: Switched to clocksource tsc
[    2.968093] random: fast init done
[    4.113335] raid6: sse2x1   gen()  5199 MB/s
[    4.169980] raid6: sse2x1   xor()  7617 MB/s
[    4.226641] raid6: sse2x2   gen() 12706 MB/s
[    4.283305] raid6: sse2x2   xor()  8333 MB/s
[    4.339965] raid6: sse2x4   gen() 15139 MB/s
[    4.396646] raid6: sse2x4   xor()  9658 MB/s
[    4.453313] raid6: avx2x1   gen() 21060 MB/s
[    4.509955] raid6: avx2x2   gen() 24441 MB/s
[    4.566616] raid6: avx2x4   gen() 28160 MB/s
[    4.566616] raid6: using algorithm avx2x4 gen() 28160 MB/s
[    4.566617] raid6: using avx2x2 recovery algorithm
[    4.566865] xor: automatically using best checksumming function   avx       
[    4.570413] Btrfs loaded, crc32c=crc32c-intel
[    4.570727] BTRFS: device fsid ef759db4-063e-4243-bca8-4157c4c54deb devid 1 transid 1187 /dev/sda10
[    4.578831] BTRFS: device fsid 5b34c5da-3fff-4a52-a901-bf05fe1c5784 devid 1 transid 22204 /dev/sda11
[    4.582789] PM: Starting manual resume from disk
[    4.582791] PM: Hibernation image partition 8:12 present
[    4.582792] PM: Looking for hibernation image.
[    4.582912] PM: Image not found (code -22)
[    4.582914] PM: Hibernation image not present or could not be loaded.
[    4.599434] BTRFS info (device sda10): disk space caching is enabled
[    4.599437] BTRFS info (device sda10): has skinny extents
[    4.918912] random: crng init done
[    5.938192] ip_tables: (C) 2000-2006 Netfilter Core Team
[    5.986368] systemd[1]: systemd 233 running in system mode. (+PAM -AUDIT -SELINUX -IMA -APPARMOR +SMACK -SYSVINIT +UTMP +LIBCRYPTSETUP +GCRYPT +GNUTLS +ACL +XZ +LZ4 -SECCOMP +BLKID +ELFUTILS +KMOD +IDN default-hierarchy=hybrid)
[    5.986493] systemd[1]: Detected architecture x86-64.
[    5.989246] systemd[1]: Set hostname to <leviss-pc>.
[    7.767626] systemd[1]: Reached target Remote File Systems.
[    7.768162] systemd[1]: Listening on Process Core Dump Socket.
[    7.768426] systemd[1]: Created slice User and Session Slice.
[    7.768445] systemd[1]: Listening on Device-mapper event daemon FIFOs.
[    7.768464] systemd[1]: Listening on /dev/initctl Compatibility Named Pipe.
[    7.768533] systemd[1]: Created slice System Slice.
[    7.768544] systemd[1]: Reached target Login Prompts.
[    7.881683] sd 0:0:0:0: Attached scsi generic sg0 type 0
[    7.881713] sr 1:0:0:0: Attached scsi generic sg1 type 5
[    7.917585] vboxdrv: loading out-of-tree module taints kernel.
[    7.918767] vboxdrv: Found 4 processor cores
[    7.936471] vboxdrv: TSC mode is Invariant, tentative frequency 2593992064 Hz
[    7.936472] vboxdrv: Successfully loaded version 5.1.22 (interface 0x00280000)
[    7.957562] VBoxNetAdp: Successfully started.
[    8.041582] VBoxNetFlt: Successfully started.
[    8.042454] VBoxPciLinuxInit
[    8.084762] vboxpci: IOMMU not found (not registered)
[    8.527480] BTRFS info (device sda10): enabling auto defrag
[    8.527482] BTRFS info (device sda10): disk space caching is enabled
[    8.615278] systemd-journald[183]: Received request to flush runtime journal from PID 1
[   10.491340] wmi: Mapper loaded
[   10.522741] ACPI: AC Adapter [ADP0] (on-line)
[   10.586919] lpc_ich 0000:00:1f.0: No MFD cells added
[   10.639382] input: Lid Switch as /devices/LNXSYSTM:00/LNXSYBUS:00/PNP0C0D:00/input/input2
[   10.639408] ACPI: Lid Switch [LID0]
[   10.639471] input: Power Button as /devices/LNXSYSTM:00/LNXSYBUS:00/PNP0C0C:00/input/input3
[   10.639475] ACPI: Power Button [PWRB]
[   10.639545] input: Power Button as /devices/LNXSYSTM:00/LNXPWRBN:00/input/input4
[   10.639548] ACPI: Power Button [PWRF]
[   10.681185] i801_smbus 0000:00:1f.3: SPD Write Disable is set
[   10.681208] i801_smbus 0000:00:1f.3: SMBus using PCI interrupt
[   10.694748] shpchp: Standard Hot Plug PCI Controller Driver version: 0.4
[   10.864180] [drm] Initialized
[   10.923729] hidraw: raw HID events driver (C) Jiri Kosina
[   11.133424] ACPI: Battery Slot [BAT0] (battery absent)
[   11.441587] r8168 Gigabit Ethernet driver 8.044.02-NAPI loaded
[   11.441597] r8168 0000:01:00.0: can't disable ASPM; OS doesn't have ASPM control
[   11.456111] r8168: This product is covered by one or more of the following patents: US6,570,884, US6,115,776, and US6,327,625.
[   11.456115] r8168  Copyright (C) 2017  Realtek NIC software team <nicfae@realtek.com> 
                This program comes with ABSOLUTELY NO WARRANTY; for details, please see <http://www.gnu.org/licenses/>. 
                This is free software, and you are welcome to redistribute it under certain conditions; see <http://www.gnu.org/licenses/>. 
[   11.511600] FUJITSU Extended Socket Network Device Driver - version 1.1 - Copyright (c) 2015 FUJITSU LIMITED
[   11.526639] input: Ideapad extra buttons as /devices/pci0000:00/0000:00:1f.0/PNP0C09:00/VPC2004:00/input/input5
[   11.541085] input: PC Speaker as /devices/platform/pcspkr/input/input6
[   12.115673] RAPL PMU: API unit is 2^-32 Joules, 4 fixed counters, 655360 ms ovfl timer
[   12.115674] RAPL PMU: hw unit of domain pp0-core 2^-14 Joules
[   12.115675] RAPL PMU: hw unit of domain package 2^-14 Joules
[   12.115676] RAPL PMU: hw unit of domain dram 2^-14 Joules
[   12.115676] RAPL PMU: hw unit of domain pp1-gpu 2^-14 Joules
[   12.725137] Adding 2069500k swap on /dev/sda12.  Priority:-1 extents:1 across:2069500k FS
[   12.926725] BTRFS info (device sda11): enabling auto defrag
[   12.926728] BTRFS info (device sda11): disk space caching is enabled
[   12.926730] BTRFS info (device sda11): has skinny extents
[   13.307448] [drm] Memory usable by graphics device = 2048M
[   13.307452] checking generic (d0000000 410000) vs hw (d0000000 10000000)
[   13.307454] fb: switching to inteldrmfb from EFI VGA
[   13.307495] Console: switching to colour dummy device 80x25
[   13.307648] [drm] Replacing VGA console driver
[   13.314474] [drm] Supports vblank timestamp caching Rev 2 (21.10.2013).
[   13.314475] [drm] Driver supports precise vblank timestamp query.
[   13.316393] vgaarb: device changed decodes: PCI:0000:00:02.0,olddecodes=io+mem,decodes=io+mem:owns=io+mem
[   13.341177] [Firmware Bug]: ACPI(PEGP) defines _DOD but not _DOS
[   13.341531] ACPI: Video Device [PEGP] (multi-head: yes  rom: yes  post: no)
[   13.341535] ACPI Error: [\_SB_.PCI0.GFX0.DD02._BCL] Namespace lookup failure, AE_NOT_FOUND (20160831/psargs-359)
[   13.341544] ACPI Error: Method parse/execution failed [\_SB.PCI0.RP05.PEGP.DD02._BCL] (Node ffff8802468f3fa0), AE_NOT_FOUND (20160831/psparse-543)
[   13.341587] input: Video Bus as /devices/LNXSYSTM:00/LNXSYBUS:00/PNP0A08:00/device:31/LNXVIDEO:00/input/input8
[   13.343578] ACPI: Video Device [GFX0] (multi-head: yes  rom: no  post: no)
[   13.343703] input: Video Bus as /devices/LNXSYSTM:00/LNXSYBUS:00/PNP0A08:00/LNXVIDEO:01/input/input9
[   13.343755] [drm] Initialized i915 1.6.0 20160919 for 0000:00:02.0 on minor 0
[   13.370687] fbcon: inteldrmfb (fb0) is primary device
[   13.541475] psmouse serio1: elantech: assuming hardware version 4 (with firmware version 0x594f03)
[   13.556137] psmouse serio1: elantech: Synaptics capabilities query result 0x70, 0x15, 0x0a.
[   13.570952] psmouse serio1: elantech: Elan sample query result 05, 20, 97
[   13.655370] input: ETPS/2 Elantech Touchpad as /devices/platform/i8042/serio1/input/input7
[   14.255390] snd_hda_codec_conexant hdaudioC1D0: CX20751/2: BIOS auto-probing.
[   14.255702] snd_hda_codec_conexant hdaudioC1D0: autoconfig for CX20751/2: line_outs=1 (0x17/0x0/0x0/0x0/0x0) type:speaker
[   14.255706] snd_hda_codec_conexant hdaudioC1D0:    speaker_outs=0 (0x0/0x0/0x0/0x0/0x0)
[   14.255711] snd_hda_codec_conexant hdaudioC1D0:    hp_outs=1 (0x16/0x0/0x0/0x0/0x0)
[   14.255714] snd_hda_codec_conexant hdaudioC1D0:    mono: mono_out=0x0
[   14.255717] snd_hda_codec_conexant hdaudioC1D0:    inputs:
[   14.255721] snd_hda_codec_conexant hdaudioC1D0:      Internal Mic=0x1a
[   14.255725] snd_hda_codec_conexant hdaudioC1D0:      Mic=0x19
[   14.256558] snd_hda_codec_conexant hdaudioC1D0: Enable sync_write for stable communication
[   14.259803] input: HDA Digital PCBeep as /devices/pci0000:00/0000:00:1b.0/sound/card1/input10
[   14.260130] input: HDA Intel PCH Mic as /devices/pci0000:00/0000:00:1b.0/sound/card1/input11
[   14.260255] input: HDA Intel PCH Headphone as /devices/pci0000:00/0000:00:1b.0/sound/card1/input12
[   14.684843] r8168 0000:01:00.0 enp1s0: renamed from eth0
[   14.823742] Console: switching to colour frame buffer device 170x48
[   14.823802] snd_hda_intel 0000:00:03.0: bound 0000:00:02.0 (ops i915_audio_component_bind_ops [i915])
[   14.875928] i915 0000:00:02.0: fb0: inteldrmfb frame buffer device
[   15.083103] input: HDA Intel HDMI HDMI/DP,pcm=3 as /devices/pci0000:00/0000:00:03.0/sound/card0/input13
[   15.083171] input: HDA Intel HDMI HDMI/DP,pcm=7 as /devices/pci0000:00/0000:00:03.0/sound/card0/input14
[   15.083230] input: HDA Intel HDMI HDMI/DP,pcm=8 as /devices/pci0000:00/0000:00:03.0/sound/card0/input15
[   15.472559] ppdev: user-space parallel port driver
[   16.215053] mousedev: PS/2 mouse device common for all mice
[   16.295553] AVX2 version of gcm_enc/dec engaged.
[   16.295555] AES CTR mode by8 optimization enabled
[   17.085962] Bluetooth: Core ver 2.22
[   17.085979] NET: Registered protocol family 31
[   17.085980] Bluetooth: HCI device and connection manager initialized
[   17.085982] Bluetooth: HCI socket layer initialized
[   17.085984] Bluetooth: L2CAP socket layer initialized
[   17.085988] Bluetooth: SCO socket layer initialized
[   17.186283] media: Linux media interface: v0.10
[   17.209776] usbcore: registered new interface driver btusb
[   17.219671] Linux video capture interface: v2.00
[   17.344057] rtl8723be: Using firmware rtlwifi/rtl8723befw.bin
[   17.447549] Bluetooth: hci0: rtl: examining hci_ver=06 hci_rev=000b lmp_ver=06 lmp_subver=8723
[   17.447552] Bluetooth: hci0: rtl: loading rtl_bt/rtl8723b_config.bin
[   17.448909] bluetooth hci0: Direct firmware load for rtl_bt/rtl8723b_config.bin failed with error -2
[   17.448911] Bluetooth: hci0: Failed to load rtl_bt/rtl8723b_config.bin
[   17.448953] Bluetooth: hci0: rtl: loading rtl_bt/rtl8723b_fw.bin
[   17.472563] Bluetooth: hci0: rom_version status=0 version=1
[   17.472572] Bluetooth: cfg_sz 0, total size 22496
[   17.488659] ieee80211 phy0: Selected rate control algorithm 'rtl_rc'
[   17.488931] rtlwifi: rtlwifi: wireless switch is on
[   17.490098] rtl8723be 0000:02:00.0 wlp2s0: renamed from wlan0
[   17.587340] intel_rapl: Found RAPL domain package
[   17.587343] intel_rapl: Found RAPL domain core
[   17.587345] intel_rapl: Found RAPL domain uncore
[   17.587346] intel_rapl: Found RAPL domain dram
[   17.587350] intel_rapl: RAPL package 0 domain package locked by BIOS
[   18.659693] uvcvideo: Found UVC 1.00 device Lenovo EasyCamera (5986:055e)
[   18.664004] uvcvideo 2-6:1.0: Entity type for entity Extension 4 was not initialized!
[   18.664008] uvcvideo 2-6:1.0: Entity type for entity Processing 2 was not initialized!
[   18.664009] uvcvideo 2-6:1.0: Entity type for entity Camera 1 was not initialized!
[   18.664144] input: Lenovo EasyCamera as /devices/pci0000:00/0000:00:14.0/usb2/2-6/2-6:1.0/input/input16
[   18.664258] usbcore: registered new interface driver uvcvideo
[   18.664260] USB Video Class driver (1.1.1)
[   20.785644] usb 2-7: reset full-speed USB device number 4 using xhci_hcd
[   21.408656] bbswitch: version 0.8
[   21.408660] bbswitch: Found integrated VGA device 0000:00:02.0: \_SB_.PCI0.GFX0
[   21.408663] bbswitch: Found discrete VGA device 0000:03:00.0: \_SB_.PCI0.RP05.PEGP
[   21.408673] ACPI Warning: \_SB.PCI0.RP05.PEGP._DSM: Argument #4 type mismatch - Found [Buffer], ACPI requires [Package] (20160831/nsarguments-95)
[   21.408771] bbswitch: detected an Optimus _DSM function
[   21.408784] pci 0000:03:00.0: enabling device (0006 -> 0007)
[   21.408845] bbswitch: disabling discrete graphics
[   21.408851] ACPI Warning: \_SB.PCI0.RP05.PEGP._DSM: Argument #4 type mismatch - Found [Buffer], ACPI requires [Package] (20160831/nsarguments-95)
[   21.435537] bbswitch: Succesfully loaded. Discrete card 0000:03:00.0 is off
[   22.184837] Bluetooth: BNEP (Ethernet Emulation) ver 1.3
[   22.184838] Bluetooth: BNEP filters: protocol multicast
[   22.184842] Bluetooth: BNEP socket layer initialized
[   23.438931] IPv6: ADDRCONF(NETDEV_UP): enp1s0: link is not ready
[   23.439102] enp1s0: 0xffffc90000d4d000, 28:d2:44:c9:f5:09, IRQ 46
[   23.487610] IPv6: ADDRCONF(NETDEV_UP): enp1s0: link is not ready
[   23.489856] IPv6: ADDRCONF(NETDEV_UP): wlp2s0: link is not ready
[   24.232313] IPv6: ADDRCONF(NETDEV_UP): wlp2s0: link is not ready
[   24.850739] IPv6: ADDRCONF(NETDEV_UP): wlp2s0: link is not ready
[   25.463482] IPv6: ADDRCONF(NETDEV_UP): wlp2s0: link is not ready
[  117.281230] IPv6: ADDRCONF(NETDEV_UP): wlp2s0: link is not ready
[  117.289448] IPv6: ADDRCONF(NETDEV_UP): wlp2s0: link is not ready
[  117.908257] IPv6: ADDRCONF(NETDEV_UP): wlp2s0: link is not ready
[  121.211042] fuse init (API version 7.26)
[  127.847828] Bluetooth: RFCOMM TTY layer initialized
[  127.847840] Bluetooth: RFCOMM socket layer initialized
[  127.847847] Bluetooth: RFCOMM ver 1.11
[  176.303202] IPv6: ADDRCONF(NETDEV_UP): wlp2s0: link is not ready
[  177.352524] wlp2s0: authenticate with 54:25:ea:46:27:3c
[  177.373258] wlp2s0: send auth to 54:25:ea:46:27:3c (try 1/3)
[  177.377509] wlp2s0: authenticated
[  177.380607] wlp2s0: associate with 54:25:ea:46:27:3c (try 1/3)
[  177.483894] wlp2s0: associate with 54:25:ea:46:27:3c (try 2/3)
[  177.493297] wlp2s0: RX AssocResp from 54:25:ea:46:27:3c (capab=0x411 status=0 aid=3)
[  177.494223] wlp2s0: associated
[  177.494266] IPv6: ADDRCONF(NETDEV_CHANGE): wlp2s0: link becomes ready
